// Jest Snapshot v1, https://goo.gl/fbAQLP

exports[`Textfield should match the snapshot 1`] = `
<div>
  <label>
    
  </label>
   
  <input />
</div>
`;
